// Jest Snapshot v1, https://goo.gl/fbAQLP

exports[`should render NotFoundPage correctly 1`] = `
<div>
  This is from my Not Found Page 404 component
  <br />
  <Link
    to="/"
  >
    Go Home
  </Link>
</div>
`;
